---
source: src/ui/app/invocation/tests.rs
expression: plan_completion_snapshot()
---
00││
01│┌ discovered invocations ────────────────────[x]│
02││›/pl                                          ││
03││/plan                           Shared Command││
04││                                              ││
05│└──────────────────────────────────────────────┘│
06│  Esc Board│
07│  → Codex   ⌘Enter Submit│
