---
source: src/ui/app/invocation/alias_tests.rs
assertion_line: 250
expression: snapshot
---
00│┌ invocations and references ────────────────[x]│
01││›                                             ││
02││/shared                           Global Skill││
03││$shared                           Global Skill││
04│└──────────────────────────────────────────────┘│
05││
06│  fixture│
07│  1 thought · edit · saved│
08│  Esc Board  : Commands  ? Shortcuts│
