---
source: src/ui/app/invocation/reference_tests.rs
assertion_line: 321
expression: "live_snapshot(30, 6)"
---
00│┌ invocations and reference[x]│
01││›                           ││
02││Live in Herdr · w2/w2:t4 · …││
03││reviewer codex w2:p9 working││
04││                            ││
05│└────────────────────────────┘│
