---
source: src/ui/app/invocation/tests.rs
assertion_line: 445
expression: "completion_snapshot(40, 12)"
---
00││
01│┌ invocations and references ────────[x]│
02││›$pl                                  ││
03││$plan                    Project Skill││
04││$plugin                   Global Skill││
05│└──────────────────────────────────────┘│
06││
07││
08││
09│  fixture│
10│  1 thought · edit · saved│
11│  Esc Board  : Commands  ? Shortcuts│
