---
source: tests/ui_board/commands_disclosure.rs
assertion_line: 250
expression: "trim_snapshot_rows(&text(draw(&mut concise, 72, 16).backend().buffer()))"
---
┌ commands ──────────────────────────────────────────────────────────[x]
│:                                                                     │
│Relevant now                                                          │
│New thought                                                  n · board│
│Undo board action                                            u · board│
│Split thought at cursor                                           edit│
│Edit thought                                                 e · board│
│Copy thought                                                 y · board│
│Paste exactly                                                p · board│
│Rename session                                                 session│
│More commands...                                                all 57│
└──────────────────────────────────────────────────────────────────────┘

  proqi-ui-contract
  1 thought · board · saved
  n New   y Copy  x Cut  d/Del  Space Select u Undo  / Search
