---
source: tests/ui_board/editor_growth.rs
assertion_line: 78
expression: "super::snapshot_support::snapshot_buffer(terminal.backend().buffer())"
---
SIZE 40x10

TEXT
00││
01│  delta│
02│  ──────────────────────────────────────│
03││
04│⋮ Line 1│
05│  Line 2│
06││
07│  proqi-ui-contract│
08│  5 thoughts · edit · saving│
09│  Esc Board│

STYLE RUNS
0: 0-39 fg=Reset bg=Reset mod=NONE
1: 0-0 fg=Green bg=Reset mod=NONE | 1-39 fg=Reset bg=Reset mod=NONE
2: 0-1 fg=Reset bg=Reset mod=NONE | 2-39 fg=DarkGray bg=Reset mod=NONE
3: 0-39 fg=Reset bg=Reset mod=NONE
4: 0-0 fg=Black bg=Green mod=BOLD | 1-39 fg=Reset bg=Reset mod=REVERSED
5: 0-0 fg=Black bg=Green mod=BOLD | 1-39 fg=Reset bg=Reset mod=REVERSED
6: 0-39 fg=Reset bg=Reset mod=NONE
7: 0-39 fg=Reset bg=Reset mod=NONE
8: 0-1 fg=Reset bg=Reset mod=NONE | 2-37 fg=DarkGray bg=Reset mod=NONE | 38-39 fg=Reset bg=Reset mod=NONE
9: 0-1 fg=Reset bg=Reset mod=NONE | 2-4 fg=Green bg=Reset mod=NONE | 5-39 fg=Reset bg=Reset mod=NONE
