---
source: tests/ui_board/snapshots.rs
expression: "snapshot(&mut fixture, 48, 8, ThemePreference::Limited)"
---
SIZE 48x8

TEXT
00│  proqi · proqi-ui-contract · 1 thought│
01│⋮ selected prompt│
02││
03││
04││
05││
06│                                 edit · saving│
07│  Esc Board  : Commands  ? Shortcuts│

STYLE RUNS
0: 0-47 fg=DarkGray bg=Reset mod=NONE
1: 0-0 fg=White bg=Green mod=BOLD | 1-1 fg=White bg=DarkGray mod=NONE | 2-16 fg=Reset bg=DarkGray mod=NONE | 17-17 fg=White bg=Green mod=NONE | 18-47 fg=Reset bg=DarkGray mod=NONE
2: 0-47 fg=Reset bg=Reset mod=NONE
3: 0-47 fg=Reset bg=Reset mod=NONE
4: 0-47 fg=Reset bg=Reset mod=NONE
5: 0-47 fg=Reset bg=Reset mod=NONE
6: 0-1 fg=Reset bg=Reset mod=NONE | 2-45 fg=DarkGray bg=Reset mod=NONE | 46-47 fg=Reset bg=Reset mod=NONE
7: 0-1 fg=Reset bg=Reset mod=NONE | 2-4 fg=Green bg=Reset mod=NONE | 5-12 fg=Reset bg=Reset mod=NONE | 13-13 fg=Green bg=Reset mod=NONE | 14-24 fg=Reset bg=Reset mod=NONE | 25-25 fg=Green bg=Reset mod=NONE | 26-47 fg=Reset bg=Reset mod=NONE
