---
source: tests/ui_board/separator_snapshots.rs
expression: "snapshot(&mut fixture, 24, 6, ThemePreference::Limited)"
---
SIZE 24x6

TEXT
00│⋮━━━━━━━━━━━━━━━━━━━━━━━│
01││
02│      + New thought│
03│  proqi-separator-snap│
04│  3 · board · saved│
05│  n New   : Commands│

STYLE RUNS
0: 0-0 fg=Black bg=Green mod=BOLD | 1-23 fg=Green bg=Reset mod=BOLD | REVERSED
1: 0-23 fg=Reset bg=Reset mod=NONE
2: 0-5 fg=Reset bg=Reset mod=NONE | 6-6 fg=Green bg=Reset mod=NONE | 7-23 fg=Reset bg=Reset mod=NONE
3: 0-23 fg=Reset bg=Reset mod=NONE
4: 0-1 fg=Reset bg=Reset mod=NONE | 2-21 fg=DarkGray bg=Reset mod=NONE | 22-23 fg=Reset bg=Reset mod=NONE
5: 0-1 fg=Reset bg=Reset mod=NONE | 2-2 fg=Green bg=Reset mod=NONE | 3-9 fg=Reset bg=Reset mod=NONE | 10-10 fg=Green bg=Reset mod=NONE | 11-23 fg=Reset bg=Reset mod=NONE
