---
source: tests/ui_board/commands_disclosure.rs
assertion_line: 264
expression: "text(draw(&mut concise, 34, 12).backend().buffer())"
---
┌ commands ────────────────────[x]
│:                               │
│Thought                         │
│New thought            n · board│
│Insert thought above  F5 · board│
│Insert thought below  F6 · board│
│Edit thought           e · board│
│Delete thought         d · board│
│Copy thought           y · board│
│Cut thought            x · board│
│Duplicate thought or selection  ↓
└────────────────────────────────┘
