---
source: tests/ui_board/commands_disclosure.rs
assertion_line: 275
expression: "trim_snapshot_rows(&text(draw(&mut concise, 72, 16).backend().buffer()))"
---
┌ commands ──────────────────────────────────────────────────────────[x]
│:                                                                     │
│Relevant now                                                          │
│New thought                                                  n · board│
│Split thought at cursor                                       t · edit│
│Insert separator                                                 board│
│Edit thought                                                 e · board│
│Rename thought                                          Ctrl+R · board│
│Clean up spacing                                             f · board│
│Copy thought text                                            y · board│
│More commands...                                                all 59│
└──────────────────────────────────────────────────────────────────────┘

  proqi-ui-contract
  1 thought · board · saved
  n New   y Copy  x Cut  d/Del  Space Select / Search  : Commands
