---
source: tests/ui_board/expanded_navigation.rs
assertion_line: 323
expression: "super::snapshot_support::snapshot_buffer(terminal.backend().buffer())"
---
SIZE 36x12

TEXT
00│  expanded row 01│
01│  expanded row 02│
02│  expanded row 03│
03│⋮ expanded row 04│
04│  expanded row 05│
05│  expanded row 06│
06│  expanded row 07│
07│  expanded row 08│
08││
09│  proqi-ui-contract│
10│  3 thoughts · board · saving│
11│  n New   : Commands  ? Shortcuts│

STYLE RUNS
0: 0-0 fg=Black bg=Green mod=BOLD | 1-35 fg=Reset bg=Reset mod=REVERSED
1: 0-0 fg=Black bg=Green mod=BOLD | 1-35 fg=Reset bg=Reset mod=REVERSED
2: 0-0 fg=Black bg=Green mod=BOLD | 1-35 fg=Reset bg=Reset mod=REVERSED
3: 0-0 fg=Black bg=Green mod=BOLD | 1-35 fg=Reset bg=Reset mod=REVERSED
4: 0-0 fg=Black bg=Green mod=BOLD | 1-35 fg=Reset bg=Reset mod=REVERSED
5: 0-0 fg=Black bg=Green mod=BOLD | 1-35 fg=Reset bg=Reset mod=REVERSED
6: 0-0 fg=Black bg=Green mod=BOLD | 1-35 fg=Reset bg=Reset mod=REVERSED
7: 0-0 fg=Black bg=Green mod=BOLD | 1-35 fg=Reset bg=Reset mod=REVERSED
8: 0-35 fg=Reset bg=Reset mod=NONE
9: 0-35 fg=Reset bg=Reset mod=NONE
10: 0-1 fg=Reset bg=Reset mod=NONE | 2-33 fg=DarkGray bg=Reset mod=NONE | 34-35 fg=Reset bg=Reset mod=NONE
11: 0-1 fg=Reset bg=Reset mod=NONE | 2-2 fg=Green bg=Reset mod=NONE | 3-9 fg=Reset bg=Reset mod=NONE | 10-10 fg=Green bg=Reset mod=NONE | 11-21 fg=Reset bg=Reset mod=NONE | 22-22 fg=Green bg=Reset mod=NONE | 23-35 fg=Reset bg=Reset mod=NONE
