---
source: tests/ui_board/snapshots.rs
assertion_line: 214
expression: "snapshot(&mut fixture, 42, 8, ThemePreference::Auto)"
---
SIZE 42x8

TEXT
00│┌ proqi shortcuts ─────────────────────[x]│
01││:                  Commands             ↑│
02││i                  Inbox                ││
03││s/Ctrl+Enter       Submit               ││
04││S/Ctrl+Shift+Enter Submit & keep        ││
05││q                  Quit                 ││
06││?                  Close                ││
07│└────────────────────────────────────────┘│

STYLE RUNS
0: 0-0 fg=Reset bg=Reset mod=NONE | 1-17 fg=Green bg=Reset mod=BOLD | 18-38 fg=Reset bg=Reset mod=NONE | 39-41 fg=Green bg=Reset mod=NONE
1: 0-0 fg=Reset bg=Reset mod=NONE | 1-1 fg=Green bg=Reset mod=NONE | 2-40 fg=Reset bg=Reset mod=NONE | 41-41 fg=DarkGray bg=Reset mod=NONE
2: 0-0 fg=Reset bg=Reset mod=NONE | 1-1 fg=Green bg=Reset mod=NONE | 2-41 fg=Reset bg=Reset mod=NONE
3: 0-0 fg=Reset bg=Reset mod=NONE | 1-12 fg=Green bg=Reset mod=NONE | 13-41 fg=Reset bg=Reset mod=NONE
4: 0-0 fg=Reset bg=Reset mod=NONE | 1-18 fg=Green bg=Reset mod=NONE | 19-41 fg=Reset bg=Reset mod=NONE
5: 0-0 fg=Reset bg=Reset mod=NONE | 1-1 fg=Green bg=Reset mod=NONE | 2-41 fg=Reset bg=Reset mod=NONE
6: 0-0 fg=Reset bg=Reset mod=NONE | 1-1 fg=Green bg=Reset mod=NONE | 2-41 fg=Reset bg=Reset mod=NONE
7: 0-41 fg=Reset bg=Reset mod=NONE
