---
source: src/ui/app/update.rs
assertion_line: 370
expression: text
---

                          + New thought
   ┌ update available · 1.2.3 ────────────────────────────[x]
   │                                                        │
   │› Update and restart all 12 sessions                    │
   │  Not now                                               │
   │  Skip 1.2.3                                            │
   │                                                        │
   └────────────────────────────────────────────────────────┘

                                T · 0 thoughts · board · saved
  n New   : Commands  ? Shortcuts
