---
source: src/ui/app/update/tests.rs
assertion_line: 175
expression: "update_snapshot(44, 16)"
---
00│⋮│
01││
02│┌ update available · 1.2.3 ──────────────[x]│
03││                                          ││
04││  Update and restart all 12 sessions      ││
05││› Not now                                 ││
06││  Skip 1.2.3                              ││
07││                                          ││
08│└──────────────────────────────────────────┘│
09││
10││
11││
12││
13│  fixture│
14│  0 thoughts · compose · saved│
15│  Esc Board  : Commands  ? Shortcuts│
