---
source: tests/ui_board/reflow_in_place/commands.rs
assertion_line: 49
expression: snapshot_buffer(terminal.backend().buffer())
---
SIZE 60x12

TEXT
00││
01│ ┌ commands ────────────────────────────────────────────[x]│
02│ │:reflow                                                 ││
03│ │Paste and reflow                                        ││
04│ │Reflow thought in place                                 ││
05│ └────────────────────────────────────────────────────────┘│
06││
07││
08││
09│  proqi-ui-contract│
10│  1 thought · board · saving│
11│  n New   y Copy  x Cut  d/Del  Space Select u Undo│

STYLE RUNS
0: 0-59 fg=Rgb(232, 228, 223) bg=Rgb(15, 13, 10) mod=NONE
1: 0-0 fg=Reset bg=Reset mod=NONE | 1-55 fg=Rgb(232, 228, 223) bg=Rgb(15, 13, 10) mod=NONE | 56-58 fg=Rgb(112, 214, 155) bg=Rgb(15, 13, 10) mod=NONE | 59-59 fg=Reset bg=Reset mod=NONE
2: 0-0 fg=Reset bg=Reset mod=NONE | 1-1 fg=Rgb(232, 228, 223) bg=Rgb(15, 13, 10) mod=NONE | 2-57 fg=Rgb(232, 228, 223) bg=Rgb(39, 40, 48) mod=NONE | 58-58 fg=Rgb(232, 228, 223) bg=Rgb(15, 13, 10) mod=NONE | 59-59 fg=Reset bg=Reset mod=NONE
3: 0-0 fg=Reset bg=Reset mod=NONE | 1-1 fg=Rgb(232, 228, 223) bg=Rgb(15, 13, 10) mod=NONE | 2-57 fg=Rgb(112, 214, 155) bg=Rgb(39, 40, 48) mod=BOLD | 58-58 fg=Rgb(232, 228, 223) bg=Rgb(15, 13, 10) mod=NONE | 59-59 fg=Reset bg=Reset mod=NONE
4: 0-0 fg=Reset bg=Reset mod=NONE | 1-58 fg=Rgb(232, 228, 223) bg=Rgb(15, 13, 10) mod=NONE | 59-59 fg=Reset bg=Reset mod=NONE
5: 0-0 fg=Reset bg=Reset mod=NONE | 1-58 fg=Rgb(232, 228, 223) bg=Rgb(15, 13, 10) mod=NONE | 59-59 fg=Reset bg=Reset mod=NONE
6: 0-59 fg=Rgb(232, 228, 223) bg=Rgb(15, 13, 10) mod=NONE
7: 0-59 fg=Rgb(232, 228, 223) bg=Rgb(15, 13, 10) mod=NONE
8: 0-59 fg=Rgb(232, 228, 223) bg=Rgb(15, 13, 10) mod=NONE
9: 0-59 fg=Rgb(232, 228, 223) bg=Rgb(15, 13, 10) mod=NONE
10: 0-1 fg=Rgb(232, 228, 223) bg=Rgb(15, 13, 10) mod=NONE | 2-57 fg=Rgb(176, 169, 160) bg=Rgb(15, 13, 10) mod=NONE | 58-59 fg=Rgb(232, 228, 223) bg=Rgb(15, 13, 10) mod=NONE
11: 0-1 fg=Rgb(232, 228, 223) bg=Rgb(15, 13, 10) mod=NONE | 2-2 fg=Rgb(112, 214, 155) bg=Rgb(15, 13, 10) mod=NONE | 3-9 fg=Rgb(232, 228, 223) bg=Rgb(15, 13, 10) mod=NONE | 10-10 fg=Rgb(112, 214, 155) bg=Rgb(15, 13, 10) mod=NONE | 11-17 fg=Rgb(232, 228, 223) bg=Rgb(15, 13, 10) mod=NONE | 18-18 fg=Rgb(112, 214, 155) bg=Rgb(15, 13, 10) mod=NONE | 19-24 fg=Rgb(232, 228, 223) bg=Rgb(15, 13, 10) mod=NONE | 25-29 fg=Rgb(112, 214, 155) bg=Rgb(15, 13, 10) mod=NONE | 30-31 fg=Rgb(232, 228, 223) bg=Rgb(15, 13, 10) mod=NONE | 32-36 fg=Rgb(112, 214, 155) bg=Rgb(15, 13, 10) mod=NONE | 37-44 fg=Rgb(232, 228, 223) bg=Rgb(15, 13, 10) mod=NONE | 45-45 fg=Rgb(112, 214, 155) bg=Rgb(15, 13, 10) mod=NONE | 46-59 fg=Rgb(232, 228, 223) bg=Rgb(15, 13, 10) mod=NONE
