---
source: src/ui/app/screenshot/tests.rs
assertion_line: 44
expression: "takeover_snapshot(62, 6)"
---
00│┌ screenshot inbox in use ─────────────────────────────────[x]│
01││                                                            ││
02││› Cancel                                                    ││
03││  Take over                                                 ││
04│└────────────────────────────────────────────────────────────┘│
05│  n New   y Copy  x Cut  d/Del  Space Select u Undo│
