---
source: src/ui/app/screenshot/tests.rs
assertion_line: 61
expression: "releasing_snapshot(82, 12)"
---
00││
01│⋮ active│
02││
03│                                   + New thought│
04││
05││
06││
07││
08││
09│  screenshot-ui│
10│  1 thought · board · saved · inbox releasing│
11│  n New   y Copy  x Cut  d Delete  Space Select u Undo  / Search  : Commands│
